PeaseErnest@ernestpease:~/scraper/c_core/native_host
$ ls
debug_host    debug_host.exe    scraper_cli    scraper_cli.exe
debug_host.c  debug_host_win.c  scraper_cli.c  scraper_cli_win.c
PeaseErnest@ernestpease:~/scraper/c_core/native_host
$ cd ../../
PeaseErnest@ernestpease:~/scraper
$ cd rust_finder
PeaseErnest@ernestpease:~/scraper/rust_finder
$ cd src
PeaseErnest@ernestpease:~/scraper/rust_finder/src
$ ls
main.rs
PeaseErnest@ernestpease:~/scraper/rust_finder/src
$ cd ../
PeaseErnest@ernestpease:~/scraper/rust_finder
$ ls
Cargo.toml  src

PeaseErnest@ernestpease:~/scraper/rust_finder
$ ls
Cargo.lock  Cargo.toml  src  target
PeaseErnest@ernestpease:~/scraper/rust_finder
$ cd target
PeaseErnest@ernestpease:~/scraper/rust_finder/target
$ ls
CACHEDIR.TAG  release  x86_64-pc-windows-gnu
PeaseErnest@ernestpease:~/scraper/rust_finder/target
$ cd x86*
PeaseErnest@ernestpease:~/scraper/rust_finder/target/x86_64-pc-windows-gnu
$ ls
CACHEDIR.TAG  release
PeaseErnest@ernestpease:~/scraper/rust_finder/target/x86_64-pc-windows-gnu
$ cd release 
PeaseErnest@ernestpease:~/scraper/rust_finder/target/x86_64-pc-windows-gnu/release
$ ls
build  deps  examples  incremental  rust_finder.d  rust_finder.exe
PeaseErnest@ernestpease:~/scraper/rust_finder/target/x86_64-pc-windows-gnu/release
$ 

PeaseErnest@ernestpease:~/scraper/rust_finder
$ ls
Cargo.lock  Cargo.toml  src  target
PeaseErnest@ernestpease:~/scraper/rust_finder
$ cd target
PeaseErnest@ernestpease:~/scraper/rust_finder/target
$ ls
CACHEDIR.TAG  release  x86_64-pc-windows-gnu
PeaseErnest@ernestpease:~/scraper/rust_finder/target
$ cd x86*
PeaseErnest@ernestpease:~/scraper/rust_finder/target/x86_64-pc-windows-gnu
$ ls
CACHEDIR.TAG  release
PeaseErnest@ernestpease:~/scraper/rust_finder/target/x86_64-pc-windows-gnu
$ cd release 
PeaseErnest@ernestpease:~/scraper/rust_finder/target/x86_64-pc-windows-gnu/release
$ ls
build  deps  examples  incremental  rust_finder.d  rust_finder.exe
PeaseErnest@ernestpease:~/scraper/rust_finder/target/x86_64-pc-windows-gnu/release
$ cd ../../../
PeaseErnest@ernestpease:~/scraper/rust_finder
$ #!/bin/bash
echo "ğŸ”¨ Building rust_finder for all platforms..."

# Linux (native)
echo "ğŸ“¦ Building for Linux..."
cargo build --release
echo "   âœ… Linux binary: target/release/rust_finder"

# Windows (cross-compile)
echo "ğŸ“¦ Building for Windows..."
rustup target add x86_64-pc-windows-gnu 2>/dev/null
cargo build --release --target x86_64-pc-windows-gnu
echo "   âœ… Windows binary: target/x86_64-pc-windows-gnu/release/rust_finder.exe"

echo ""
echo "ğŸ‰ Done! Binaries are ready:"
ls -la target/release/rust_finder 2>/dev/null || echo "   âŒ Linux build failed"
ls -la target/x86_64-pc-windows-gnu/release/rust_finder.exe 2>/dev/null || echo "   âŒ Windows build failed" 
ğŸ”¨ Building rust_finder for all platforms...
ğŸ“¦ Building for Linux...
   Compiling rust_finder v0.1.0 (/home/PeaseErnest/scraper/rust_finder)
    Finished `release` profile [optimized] target(s) in 1.84s
   âœ… Linux binary: target/release/rust_finder
ğŸ“¦ Building for Windows...
   Compiling rust_finder v0.1.0 (/home/PeaseErnest/scraper/rust_finder)
    Finished `release` profile [optimized] target(s) in 1.76s
   âœ… Windows binary: target/x86_64-pc-windows-gnu/release/rust_finder.exe

ğŸ‰ Done! Binaries are ready:
-rwxr-xr-x 2 PeaseErnest PeaseErnest 1733696 Feb 25 11:13 target/release/rust_finder
-rwxr-xr-x 2 PeaseErnest PeaseErnest 2462361 Feb 25 11:13 target/x86_64-pc-windows-gnu/release/rust_finder.exe
PeaseErnest@ernestpease:~/scraper/rust_finder
$ # Test with a simple selector
./target/release/rust_finder --selector "title" --html "<html><title>Test</title></html>" 
[{"tag":"title","text":"Test","html":"<title>Test</title>","attrs":[]}]
PeaseErnest@ernestpease:~/scraper/rust_finder
$ 



# On Windows, they would:
# 1. Install Python
# 2. Install the one dependency:
pip install pywin32

# 3. Run the Windows version:
python scraper/windows/api.py

for windows the api.py 

PeaseErnest@ernestpease:~/scraper/windows
$ tree 
.
â”œâ”€â”€ c_core
â”‚Â Â  â””â”€â”€ native_host
â”‚Â Â      â”œâ”€â”€ debug_host.exe
â”‚Â Â      â””â”€â”€ scraper_cli.exe
â”œâ”€â”€ python_api
â”‚Â Â  â”œâ”€â”€ api.py
â”‚Â Â  â””â”€â”€ dashboard.html
â”œâ”€â”€ rust_finder
â”‚Â Â  â””â”€â”€ rust_finder.exe
â””â”€â”€ ui
    â””â”€â”€ scrapperui
        â”œâ”€â”€ bertui.config.js
        â”œâ”€â”€ bun.lock
        â”œâ”€â”€ dist
        â”‚Â Â  â”œâ”€â”€ assets
        â”‚Â Â  â”‚Â Â  â”œâ”€â”€ chunks
        â”‚Â Â  â”‚Â Â  â”‚Â Â  â”œâ”€â”€ main-r2zw8sx5.js
        â”‚Â Â  â”‚Â Â  â”‚Â Â  â””â”€â”€ main-r2zw8sx5.js.map
        â”‚Â Â  â”‚Â Â  â”œâ”€â”€ main-bgpwbgkq.js
        â”‚Â Â  â”‚Â Â  â”œâ”€â”€ main-bgpwbgkq.js.map
        â”‚Â Â  â”‚Â Â  â”œâ”€â”€ router-mck46bw0.js
        â”‚Â Â  â”‚Â Â  â””â”€â”€ router-mck46bw0.js.map
        â”‚Â Â  â”œâ”€â”€ favicon.svg
        â”‚Â Â  â”œâ”€â”€ index.html
        â”‚Â Â  â”œâ”€â”€ robots.txt
        â”‚Â Â  â”œâ”€â”€ sitemap.xml
        â”‚Â Â  â””â”€â”€ styles
        â”‚Â Â      â””â”€â”€ bertui.min.css
        â”œâ”€â”€ package.json
        â”œâ”€â”€ public
        â”‚Â Â  â””â”€â”€ favicon.svg
        â”œâ”€â”€ README.md
        â”œâ”€â”€ src
        â”‚Â Â  â”œâ”€â”€ main.jsx
        â”‚Â Â  â”œâ”€â”€ pages
        â”‚Â Â  â”‚Â Â  â””â”€â”€ index.jsx
        â”‚Â Â  â””â”€â”€ styles
        â”‚Â Â      â””â”€â”€ home.css
        â””â”€â”€ vercel.json

15 directories, 25 files
PeaseErnest@ernestpease:~/scraper/windows
$ 

for windows 
and also replace 
{
  "name": "com.scraper.core",
  "description": "Scraper Core Native Host",
  "path": "C:\\Users\\YOUR_USERNAME\\scraper\\windows\\c_core\\native_host\\debug_host.exe",
  "type": "stdio",
  "allowed_origins": [
    "chrome-extension://YOUR_EXTENSION_ID_HERE/"
  ]
}
with their name 